0.5578196,20.59302
2.0217271,107.1603
2.5773252,139.7674
3.4140288,174.263
4.301408,207.2334
4.744839,216.6616
5.107378,220.5445
6.541166,229.8607
6.721618,229.8347
7.260058,229.4301
8.133587,226.6045
9.122438,220.3904
11.929666,172.348
12.379767,163.8417
13.272862,161.849
14.27675,160.3351
15.3731,160.192
15.64766,161.0556
18.56054,227.34
18.58664,227.8985
18.75728,231.5586
